
Found 344 families

  -- No match: APPLE-APP2-A2931-WHI-CA+
  -- No match: APPLE-S#-42-BAN-M/L-WHI
  -- No match: AirTag
  -- No match: Alcatel 1X
  -- No match: Alcatel 3V
  -- No match: Alcatel Avalon V
  -- No match: Alcatel Go Flip
  -- No match: Alcatel Go Flip V
  -- No match: Alcatel Joy Tab
  -- No match: Alcatel SmartFlip
  -- No match: Alcatel SmartFlip
  -- No match: Alcatel TCL Flip
  -- No match: Apple Cable
  -- No match: Apple Charger
  -- No match: Apple Gift Card
  -- No match: Apple Keyboard
  -- No match: Apple Mouse
  -- No match: Apple Pencil
node :   ERR Apple Watch SE: HTTP 404
At line:1 char:1
+ node scripts/seed-images.mjs --missing 2>&1 | Out-File -FilePath erro ...
+ ~~~~~~~~~~~~~~~~~~~~~~~~~~~~~~~~~~~~~~~~~~~
    + CategoryInfo          : NotSpecified: (  ERR Apple Watch SE: HTTP 404:String) [], RemoteExce 
   ption
    + FullyQualifiedErrorId : NativeCommandError
 
  ERR Apple Watch SE: HTTP 404
  ERR Apple Watch SE (2nd Gen): HTTP 404
  ERR Apple Watch SE 2nd Gen: HTTP 404
  ERR Apple Watch SE 3rd Gen: HTTP 404
  ERR Apple Watch Series 10: HTTP 404
  ERR Apple Watch Series 3: HTTP 404
  ERR Apple Watch Series 3: HTTP 404
  ERR Apple Watch Series 4: HTTP 404
  ERR Apple Watch Series 4: HTTP 404
  ERR Apple Watch Series 5: HTTP 404
  ERR Apple Watch Series 5: HTTP 404
  ERR Apple Watch Series 6: HTTP 404
  ERR Apple Watch Series 6: HTTP 404
  ERR Apple Watch Series 7: HTTP 404
  ERR Apple Watch Series 7: HTTP 404
  ERR Apple Watch Series 8: HTTP 404
  ERR Apple Watch Series 8: HTTP 404
  ERR Apple Watch Series 9: HTTP 404
  ERR Apple Watch Series 9: HTTP 404
  ERR Apple Watch Ultra: HTTP 404
  ERR Apple Watch Ultra: HTTP 404
  ERR Apple Watch Ultra 2: HTTP 404
  ERR Apple Watch Ultra 2: HTTP 404
  -- No match: Asus ZenFone 8
  -- No match: Franklin Charger
  -- No match: Franklin MiFi
  -- No match: GENERIC-SDR-LPEV002-AUT-WHI-NE
  -- No match: Galaxy A02
  -- No match: Galaxy A03s
  -- No match: Galaxy A04
  -- No match: Galaxy A05
  -- No match: Galaxy A06
  -- No match: Galaxy A10
  -- No match: Galaxy A11
  -- No match: Galaxy A12
  -- No match: Galaxy A13
  -- No match: Galaxy A14
  ERR Galaxy A15: HTTP 404
  -- No match: Galaxy A16
  -- No match: Galaxy A20
  -- No match: Galaxy A21
  -- No match: Galaxy A23
  -- No match: Galaxy A24
  -- No match: Galaxy A25
  -- No match: Galaxy A26
  -- No match: Galaxy A32
  -- No match: Galaxy A35
  -- No match: Galaxy A36
  -- No match: Galaxy A42
  -- No match: Galaxy A50
  -- No match: Galaxy A51
  -- No match: Galaxy A52
  ERR Galaxy A53: HTTP 404
  ERR Galaxy A54: HTTP 404
  ERR Galaxy A55: HTTP 404
  -- No match: Galaxy A56
  -- No match: Galaxy A71
  -- No match: Galaxy Note 10
  -- No match: Galaxy Note 10+
  -- No match: Galaxy Note 10+
  -- No match: Galaxy Note 20
  -- No match: Galaxy Note 20 Ultra
  -- No match: Galaxy Note 8
  -- No match: Galaxy Note 9
  -- No match: Galaxy S10
  -- No match: Galaxy S10+
  -- No match: Galaxy S10+
  -- No match: Galaxy S10e
  -- No match: Galaxy S20
  -- No match: Galaxy S20 FE
  -- No match: Galaxy S20 Ultra
  -- No match: Galaxy S20+
  -- No match: Galaxy S20+
  -- No match: Galaxy S21
  -- No match: Galaxy S21 FE
  -- No match: Galaxy S21 Ultra
  -- No match: Galaxy S21+
  -- No match: Galaxy S21+
  ERR Galaxy S22: HTTP 404
  ERR Galaxy S22 Ultra: HTTP 404
  ERR Galaxy S22+: HTTP 404
  ERR Galaxy S22+: HTTP 404
  ERR Galaxy S23: HTTP 404
  ERR Galaxy S23 FE: HTTP 404
  ERR Galaxy S23 Ultra: HTTP 404
  ERR Galaxy S23+: HTTP 404
  ERR Galaxy S23+: HTTP 404
  ERR Galaxy S24: HTTP 404
  ERR Galaxy S24 FE: HTTP 404
  ERR Galaxy S24 Ultra: HTTP 404
  ERR Galaxy S24+: HTTP 404
  ERR Galaxy S24+: HTTP 404
  -- No match: Galaxy S25
  -- No match: Galaxy S25 Ultra
  -- No match: Galaxy S25+
  -- No match: Galaxy S9
  -- No match: Galaxy S9+
  -- No match: Galaxy S9+
  -- No match: Galaxy Tab A 10.1"
  -- No match: Galaxy Tab A 10.1"
  -- No match: Galaxy Tab A 10.5"
  -- No match: Galaxy Tab A3
  -- No match: Galaxy Tab A7
  -- No match: Galaxy Tab A7 Lite
  ERR Galaxy Tab A8: HTTP 404
  ERR Galaxy Tab A9: HTTP 404
  ERR Galaxy Tab A9+: HTTP 404
  -- No match: Galaxy Tab S5e
  -- No match: Galaxy Tab S6
  -- No match: Galaxy Tab S6 Lite
  -- No match: Galaxy Tab S7
  -- No match: Galaxy Tab S7 FE
  -- No match: Galaxy Tab S7+
  ERR Galaxy Tab S8: HTTP 404
  ERR Galaxy Tab S8 Ultra: HTTP 404
  ERR Galaxy Tab S8+: HTTP 404
  ERR Galaxy Tab S9: HTTP 404
  ERR Galaxy Tab S9 FE: HTTP 404
  ERR Galaxy Tab S9 FE: HTTP 404
  ERR Galaxy Tab S9 Ultra: HTTP 404
  ERR Galaxy Tab S9+: HTTP 404
  ERR Galaxy Tab S9+: HTTP 404
  -- No match: Galaxy Watch 3
  -- No match: Galaxy Watch 4
  -- No match: Galaxy Watch 4 Classic
  -- No match: Galaxy Watch 5
  -- No match: Galaxy Watch 5 Pro
  -- No match: Galaxy Watch 6
  -- No match: Galaxy Watch 7
  -- No match: Galaxy Watch Active
  -- No match: Galaxy Watch Active 2
  -- No match: Galaxy Watch FE
  -- No match: Galaxy X Cover Pro 6th Gen 
  -- No match: Galaxy XCover 2
  -- No match: Galaxy XCover 6 Pro
  -- No match: Galaxy XCover 7
  -- No match: Galaxy Z Flip
  -- No match: Galaxy Z Flip 3
  -- No match: Galaxy Z Flip 3
  -- No match: Galaxy Z Flip 4
  -- No match: Galaxy Z Flip 4
  -- No match: Galaxy Z Flip 5
  -- No match: Galaxy Z Flip 5
  -- No match: Galaxy Z Flip 6
  -- No match: Galaxy Z Flip 6
  -- No match: Galaxy Z Fold
  -- No match: Galaxy Z Fold 3
  -- No match: Galaxy Z Fold 4
  -- No match: Galaxy Z Fold 5
  -- No match: Generic Adapter
  -- No match: Generic Battery
  -- No match: Generic Cable
  -- No match: Generic Case
  -- No match: Generic Charger
  -- No match: Generic Screen Protector
  -- No match: Generic Sensor
  -- No match: Generic Stylus Pen
  -- No match: Gift Card
  -- No match: HTC U11
  -- No match: HTC U12
  -- No match: HTC-INC-6410-COR-VZ-4-BLA-CA
  -- No match: HTC-INC2-6350-BDR-WHI
  -- No match: Heater
  -- No match: Heater
  -- No match: KYOCERA-CAD-S2720-VZ-16-BLU-SDM
  -- No match: Kazuna eTalk
  -- No match: Kazuna eTalk
  -- No match: Kyocera DuraForce
  -- No match: Kyocera DuraForce Sport
  -- No match: Kyocera DuraSport
  -- No match: Kyocera DuraXE
  -- No match: Kyocera DuraXV
  -- No match: Kyocera DuraXV Extreme
  -- No match: LG Aristo
  -- No match: LG Envoy
  -- No match: LG Exalt
  -- No match: LG G6
  -- No match: LG G7 ThinQ
  -- No match: LG G8 ThinQ
  -- No match: LG K20
  -- No match: LG K30
  -- No match: LG K40
  -- No match: LG K51
  -- No match: LG K92 5G
  -- No match: LG Revere
  -- No match: LG Stylo 4
  -- No match: LG Stylo 5
  -- No match: LG Stylo 6
  -- No match: LG Tribute
  -- No match: LG V30
  -- No match: LG V40 ThinQ
  -- No match: LG V50 ThinQ
  -- No match: LG V60 ThinQ
  -- No match: LG Velvet
  -- No match: LG Wing
  -- No match: Lucent Charger
  ERR Mac Mini: HTTP 404
  ERR Mac Mini: HTTP 404
  ERR MacBook Pro 13": HTTP 404
  ERR MacBook Pro 16": HTTP 404
  -- No match: Moto E13
  -- No match: Moto E5 Play
  -- No match: Moto E6
  -- No match: Moto E7
  -- No match: Moto Edge
  -- No match: Moto Edge 5G
  -- No match: Moto G 5G
  -- No match: Moto G Play
  -- No match: Moto G Play
  -- No match: Moto G Power
  -- No match: Moto G Power
  -- No match: Moto G Pure
  -- No match: Moto G Pure
  -- No match: Moto G Stylus
  -- No match: Moto G Stylus
  -- No match: Moto G50
  -- No match: Moto G51
  -- No match: Moto G52
  -- No match: Moto G53
  -- No match: Moto G54
  -- No match: Moto G6
  -- No match: Moto G7
  -- No match: Moto G71
  -- No match: Moto G73
  -- No match: Moto One 5G
  -- No match: Moto Razr
  -- No match: Moto X2
  -- No match: Motorola Charger
  -- No match: Motorola Edge
  -- No match: Motorola One 5G Ace
  -- No match: Netgear MiFi Hotspot
  -- No match: Nokia Lumia
  -- No match: Novatel MiFi Hotspot
  -- No match: Novatel Modem
  -- No match: Novatel Router
  -- No match: OnePlus 9 Pro
  -- No match: OnePlus NORD
  -- No match: OnePlus Nord N200
  -- No match: OnePlus Nord N200
  -- No match: OnePlus Nord N300
  -- No match: Pantech Breeze
  -- No match: Pixel 3a
  -- No match: Pixel 4
  -- No match: Pixel 4a
  -- No match: Pixel 5
  -- No match: Pixel 5a
  -- No match: Pixel 6
  -- No match: Pixel 6 Pro
  -- No match: Pixel 6a
  -- No match: Pixel 7
  -- No match: Pixel 7 Pro
  -- No match: Pixel 7a
  -- No match: Pixel 8
  -- No match: Pixel 8 Pro
  -- No match: Pixel 8a
  -- No match: Pixel 9
  -- No match: Pixel 9 Pro
  -- No match: SAMSUNG-CON4-B690-BDR-BLU
  -- No match: SAMSUNG-GS5-G900-BDR-BLA
  -- No match: Sagecom MiFi
  -- No match: Samsung Charger Stand
  -- No match: Samsung Convoy
  -- No match: Samsung Galaxy Buds
  -- No match: Samsung Galaxy Watch Charger
  -- No match: Samsung Gusto
  -- No match: TCL 20S
  -- No match: TCL 30 XE
  -- No match: TCL 30Z
  -- No match: TCL A3X
  -- No match: TCL Stylus
  -- No match: VERIZON-E8H-QTASUN2-VZ-16-BLU-CA
  -- No match: Verizon MiFi Hotspot
  -- No match: Verizon Router
  -- No match: ZTE Avid
  -- No match: ZTE Blade
  -- No match: ZTE Blade
  ERR iPad 9.7": HTTP 404
  ERR iPad 9th Gen 10.2": HTTP 404
  ERR iPad Air 10.9": HTTP 404
  ERR iPad Air 11" M2: HTTP 404
  ERR iPad Air 11" M2: HTTP 404
  ERR iPad Air 13" M2: HTTP 404
  ERR iPad Air 13" M2: HTTP 404
  ERR iPad Air 3rd Gen: HTTP 404
  ERR iPad Air 4th Gen 10.9": HTTP 404
  ERR iPad Air 5th Gen M1 10.9": HTTP 404
  ERR iPad Air 9.8": HTTP 404
  ERR iPad Pro 11": HTTP 404
  ERR iPad Pro 11" 1st Gen: HTTP 404
  ERR iPad Pro 11" 2nd Gen: HTTP 404
  ERR iPad Pro 11" 3rd Gen M1: HTTP 404
  ERR iPad Pro 11" 4th Gen M2: HTTP 404
  ERR iPad Pro 12.9": HTTP 404
  ERR iPad Pro 12.9" 1st Gen: HTTP 404
  ERR iPad Pro 12.9" 2nd Gen: HTTP 404
  ERR iPad Pro 12.9" 3rd Gen: HTTP 404
  ERR iPad Pro 12.9" 3rd Gen: HTTP 404
  ERR iPad Pro 12.9" 4th Gen: HTTP 404
  ERR iPad Pro 12.9" 4th Gen M1: HTTP 404
  ERR iPad Pro 12.9" 5th Gen M1: HTTP 404
  ERR iPad Pro 12.9" 5th Gen M1: HTTP 404
  ERR iPad Pro 12.9" 6th Gen M2: HTTP 404
  ERR iPad Pro 12.9" 6th Gen M2: HTTP 404
  ERR iPad Pro 13" M4: HTTP 404
  ERR iPhone 11: HTTP 404
  ERR iPhone 12 Pro: HTTP 404
  ERR iPhone 12 Pro Max: HTTP 404
  ERR iPhone 13 Mini: HTTP 404
  ERR iPhone 14 Plus: HTTP 404
  ERR iPhone 14 Plus: HTTP 404
  ERR iPhone 15 Plus: HTTP 404
  ERR iPhone 15 Plus: HTTP 404
  ERR iPhone 16 Plus: HTTP 404
  -- No match: iPhone 6S
  -- No match: iPhone 6S Plus
  -- No match: iPhone 7
  -- No match: iPhone 7 Plus
  -- No match: iPhone 7 Plus
  -- No match: iPhone 8
  -- No match: iPhone 8 Plus
  -- No match: iPhone 8 Plus
  -- No match: iPhone X
  -- No match: iPhone XR
  -- No match: iPhone XS
  -- No match: iPhone XS Max

Matched: 95  Skipped: 249  Uploaded: 0  Errors: 95

